
Session altered.



---------------------------------------------------------------------------------------
| Id  | Operation                       |  Name       | Rows  | Bytes |TempSpc| Cost  |
---------------------------------------------------------------------------------------
|   0 | SELECT STATEMENT                |             |  7862 |   690K|       |   684K|
|   1 |  SORT GROUP BY                  |             |  7862 |   690K|   719M|   668K|
|*  2 |   FILTER                        |             |       |       |       |       |
|   3 |    NESTED LOOPS                 |             |  7175K|   615M|       | 93851 |
|   4 |     TABLE ACCESS FULL           | ACC09B      |   109 |  7412 |       |     2 |
|   5 |     TABLE ACCESS FULL           | ACD04B      | 65828 |  1414K|       |   861 |
|*  6 |    FILTER                       |             |       |       |       |       |
|   7 |     NESTED LOOPS                |             |     1 |    41 |       |     2 |
|*  8 |      TABLE ACCESS BY INDEX ROWID| ACC04B      |     1 |    15 |       |     2 |
|*  9 |       INDEX UNIQUE SCAN         | ACC04C0I    |     1 |       |       |     1 |
|* 10 |      INDEX UNIQUE SCAN          | ACD05U1I    |     1 |    26 |       |       |
---------------------------------------------------------------------------------------

Predicate Information (identified by operation id):
---------------------------------------------------

   2 - filter( EXISTS (SELECT /*+ */ 0 FROM "ACC04B" "ACC04B04","ACD05B" "ACD05B03"
              WHERE :B1=:Z AND "ACD05B03"."NUMBER0"=:B2 AND "ACD05B03"."FK_ACC09BNUMBER"=:B3 AND
              "ACD05B03"."FK_ACC09BFK_ACC050"=:B4 AND "ACD05B03"."FK_ACC09BFK_ACC05B"=:B5 AND
              "ACC04B04"."ID"=:B6 AND "ACC04B04"."FK_ACC05BNUMBER"=TO_NUMBER(:Z) AND
              "ACC04B04"."FK_ACC05BYEAR"=:Z))
   6 - filter(:B1=:Z)
   8 - filter("ACC04B04"."FK_ACC05BNUMBER"=TO_NUMBER(:Z) AND
              "ACC04B04"."FK_ACC05BYEAR"=:Z)
   9 - access("ACC04B04"."ID"=:B1)
  10 - access("ACD05B03"."FK_ACC09BFK_ACC05B"=:B1 AND
              "ACD05B03"."FK_ACC09BFK_ACC050"=:B2 AND "ACD05B03"."FK_ACC09BNUMBER"=:B3 AND
              "ACD05B03"."NUMBER0"=:B4)

Note: cpu costing is off

34 rows selected.

